[worker] *** LIVE MODE: real publish/submit clicks ENABLED ***
Traceback (most recent call last):
  File "/usr/lib/python3.12/http/client.py", line 584, in _get_chunk_left
    chunk_left = self._read_next_chunk_size()
                 ^^^^^^^^^^^^^^^^^^^^^^^^^^^^
  File "/usr/lib/python3.12/http/client.py", line 551, in _read_next_chunk_size
    return int(line, 16)
           ^^^^^^^^^^^^^
ValueError: invalid literal for int() with base 16: b''

During handling of the above exception, another exception occurred:

Traceback (most recent call last):
  File "/usr/lib/python3.12/http/client.py", line 600, in _read_chunked
    while (chunk_left := self._get_chunk_left()) is not None:
                         ^^^^^^^^^^^^^^^^^^^^^^
  File "/usr/lib/python3.12/http/client.py", line 586, in _get_chunk_left
    raise IncompleteRead(b'')
http.client.IncompleteRead: IncompleteRead(0 bytes read)

The above exception was the direct cause of the following exception:

Traceback (most recent call last):
  File "/home/hatch/workspace/clipflow/worker/autopilot.py", line 273, in <module>
    main()
  File "/home/hatch/workspace/clipflow/worker/autopilot.py", line 249, in main
    users = config.api("GET", "/api/worker/users", timeout=30).get(
            ^^^^^^^^^^^^^^^^^^^^^^^^^^^^^^^^^^^^^^^^^^^^^^^^^^
  File "/home/hatch/workspace/clipflow/worker/config.py", line 171, in api
    return json.loads(resp.read().decode())
                      ^^^^^^^^^^^
  File "/usr/lib/python3.12/http/client.py", line 478, in read
    return self._read_chunked(amt)
           ^^^^^^^^^^^^^^^^^^^^^^^
  File "/usr/lib/python3.12/http/client.py", line 612, in _read_chunked
    raise IncompleteRead(b''.join(value)) from exc
http.client.IncompleteRead: IncompleteRead(12 bytes read)
[worker] *** LIVE MODE: real publish/submit clicks ENABLED ***
[autopilot] no users with connections — nothing to do
